// Jest Snapshot v1, https://goo.gl/fbAQLP

exports[`Render Upload 1`] = `
<View>
  <View
    accessibilityRole="button"
    accessibilityState={Object {}}
    accessible={true}
    focusable={true}
    nativeBackgroundAndroid={
      Object {
        "attribute": "selectableItemBackground",
        "rippleRadius": undefined,
        "type": "ThemeAttrAndroid",
      }
    }
    onClick={[Function]}
    onResponderGrant={[Function]}
    onResponderMove={[Function]}
    onResponderRelease={[Function]}
    onResponderTerminate={[Function]}
    onResponderTerminationRequest={[Function]}
    onStartShouldSetResponder={[Function]}
    style={
      Array [
        Object {
          "backgroundColor": "#2196F3",
          "borderRadius": 2,
          "elevation": 4,
        },
      ]
    }
  >
    <Text
      style={
        Array [
          Object {
            "color": "white",
            "fontWeight": "500",
            "margin": 8,
            "textAlign": "center",
          },
        ]
      }
    >
      CHOISIR UNE IMAGE
    </Text>
  </View>
</View>
`;
